PLUS
MINUS
DIV
PERCENT
BOOL_AND
BOOL_OR
BITAND
BITOR
BANG
CIRCUMFLEX
BITNAND
ASSIGNMENT
COLONEQ
INC
SEMICOLON
DEC
SEMICOLON
AMPEQ
BITOREQ
BITNANDEQ
BITXOREQ
EQUALS
PLUSEQ
MINUSEQ
DIVEQ
NOTEQUALS
LPAREN
RPAREN
SEMICOLON
LBRACE
RBRACE
SEMICOLON
LCHEVRON
RCHEVRON
LTEQ
GTEQ
LBRACKET
RBRACKET
SEMICOLON
EOF
